[0.818s] DEBUG:colcon:Command line arguments: ['/usr/bin/colcon', 'build', '--symlink-install']
[0.818s] DEBUG:colcon:Parsed command line arguments: Namespace(log_base=None, log_level=None, verb_name='build', build_base='build', install_base='install', merge_install=False, symlink_install=True, test_result_base=None, continue_on_error=False, executor='parallel', parallel_workers=12, event_handlers=None, ignore_user_meta=False, metas=['./colcon.meta'], base_paths=['.'], packages_ignore=None, packages_ignore_regex=None, paths=None, packages_up_to=None, packages_up_to_regex=None, packages_above=None, packages_above_and_dependencies=None, packages_above_depth=None, packages_select_by_dep=None, packages_skip_by_dep=None, packages_skip_up_to=None, packages_select_build_failed=False, packages_skip_build_finished=False, packages_select_test_failures=False, packages_skip_test_passed=False, packages_select=None, packages_skip=None, packages_select_regex=None, packages_skip_regex=None, packages_start=None, packages_end=None, allow_overriding=[], cmake_args=None, cmake_target=None, cmake_target_skip_unavailable=False, cmake_clean_cache=False, cmake_clean_first=False, cmake_force_configure=False, ament_cmake_args=None, catkin_cmake_args=None, catkin_skip_building_tests=False, mixin_files=None, mixin=None, verb_parser=<colcon_mixin.mixin.mixin_argument.MixinArgumentDecorator object at 0x7fb6bef5fbf0>, verb_extension=<colcon_core.verb.build.BuildVerb object at 0x7fb6bef5d340>, main=<bound method BuildVerb.main of <colcon_core.verb.build.BuildVerb object at 0x7fb6bef5d340>>, mixin_verb=('build',))
[1.059s] Level 1:colcon.colcon_core.package_discovery:discover_packages(colcon_meta) check parameters
[1.060s] Level 1:colcon.colcon_core.package_discovery:discover_packages(recursive) check parameters
[1.060s] Level 1:colcon.colcon_core.package_discovery:discover_packages(ignore) check parameters
[1.060s] Level 1:colcon.colcon_core.package_discovery:discover_packages(path) check parameters
[1.060s] Level 1:colcon.colcon_core.package_discovery:discover_packages(colcon_meta) discover
[1.060s] Level 1:colcon.colcon_core.package_discovery:discover_packages(recursive) discover
[1.060s] INFO:colcon.colcon_core.package_discovery:Crawling recursively for packages in '/home/jaja/Task_4/Unitree_go_dog_visualisation/unitree_dog_ws'
[1.061s] Level 1:colcon.colcon_core.package_identification:_identify(.) by extensions ['ignore', 'ignore_ament_install']
[1.063s] Level 1:colcon.colcon_core.package_identification:_identify(.) by extension 'ignore'
[1.063s] Level 1:colcon.colcon_core.package_identification:_identify(.) by extension 'ignore_ament_install'
[1.063s] Level 1:colcon.colcon_core.package_identification:_identify(.) by extensions ['colcon_pkg']
[1.063s] Level 1:colcon.colcon_core.package_identification:_identify(.) by extension 'colcon_pkg'
[1.063s] Level 1:colcon.colcon_core.package_identification:_identify(.) by extensions ['colcon_meta']
[1.063s] Level 1:colcon.colcon_core.package_identification:_identify(.) by extension 'colcon_meta'
[1.064s] Level 1:colcon.colcon_core.package_identification:_identify(.) by extensions ['ros']
[1.064s] Level 1:colcon.colcon_core.package_identification:_identify(.) by extension 'ros'
[1.212s] Level 1:colcon.colcon_core.package_identification:_identify(.) by extensions ['cmake', 'python']
[1.212s] Level 1:colcon.colcon_core.package_identification:_identify(.) by extension 'cmake'
[1.212s] Level 1:colcon.colcon_core.package_identification:_identify(.) by extension 'python'
[1.212s] Level 1:colcon.colcon_core.package_identification:_identify(.) by extensions ['python_setup_py']
[1.212s] Level 1:colcon.colcon_core.package_identification:_identify(.) by extension 'python_setup_py'
[1.214s] Level 1:colcon.colcon_core.package_identification:_identify(build) by extensions ['ignore', 'ignore_ament_install']
[1.214s] Level 1:colcon.colcon_core.package_identification:_identify(build) by extension 'ignore'
[1.214s] Level 1:colcon.colcon_core.package_identification:_identify(build) ignored
[1.216s] Level 1:colcon.colcon_core.package_identification:_identify(dogg_description) by extensions ['ignore', 'ignore_ament_install']
[1.216s] Level 1:colcon.colcon_core.package_identification:_identify(dogg_description) by extension 'ignore'
[1.216s] Level 1:colcon.colcon_core.package_identification:_identify(dogg_description) by extension 'ignore_ament_install'
[1.216s] Level 1:colcon.colcon_core.package_identification:_identify(dogg_description) by extensions ['colcon_pkg']
[1.216s] Level 1:colcon.colcon_core.package_identification:_identify(dogg_description) by extension 'colcon_pkg'
[1.216s] Level 1:colcon.colcon_core.package_identification:_identify(dogg_description) by extensions ['colcon_meta']
[1.216s] Level 1:colcon.colcon_core.package_identification:_identify(dogg_description) by extension 'colcon_meta'
[1.216s] Level 1:colcon.colcon_core.package_identification:_identify(dogg_description) by extensions ['ros']
[1.216s] Level 1:colcon.colcon_core.package_identification:_identify(dogg_description) by extension 'ros'
[1.226s] DEBUG:colcon.colcon_core.package_identification:Package 'dogg_description' with type 'ros.ament_cmake' and name 'dogg_description'
[1.226s] Level 1:colcon.colcon_core.package_identification:_identify(install) by extensions ['ignore', 'ignore_ament_install']
[1.227s] Level 1:colcon.colcon_core.package_identification:_identify(install) by extension 'ignore'
[1.227s] Level 1:colcon.colcon_core.package_identification:_identify(install) ignored
[1.227s] Level 1:colcon.colcon_core.package_identification:_identify(log) by extensions ['ignore', 'ignore_ament_install']
[1.227s] Level 1:colcon.colcon_core.package_identification:_identify(log) by extension 'ignore'
[1.227s] Level 1:colcon.colcon_core.package_identification:_identify(log) ignored
[1.227s] Level 1:colcon.colcon_core.package_discovery:discover_packages(recursive) using defaults
[1.227s] Level 1:colcon.colcon_core.package_discovery:discover_packages(ignore) discover
[1.227s] Level 1:colcon.colcon_core.package_discovery:discover_packages(ignore) using defaults
[1.227s] Level 1:colcon.colcon_core.package_discovery:discover_packages(path) discover
[1.227s] Level 1:colcon.colcon_core.package_discovery:discover_packages(path) using defaults
[1.313s] Level 1:colcon.colcon_core.package_discovery:discover_packages(prefix_path) check parameters
[1.313s] Level 1:colcon.colcon_core.package_discovery:discover_packages(prefix_path) discover
[1.327s] DEBUG:colcon.colcon_installed_package_information.package_discovery:Found 1 installed packages in /home/jaja/Task_4/Unitree_go_dog_visualisation/unitree_dog_ws/install
[1.330s] DEBUG:colcon.colcon_installed_package_information.package_discovery:Found 1 installed packages in /home/jaja/Task_4/Kortex_gen3_lite_visualisation/kortex_ws/install
[1.333s] DEBUG:colcon.colcon_installed_package_information.package_discovery:Found 275 installed packages in /opt/ros/jazzy
[1.334s] Level 1:colcon.colcon_core.package_discovery:discover_packages(prefix_path) using defaults
[1.475s] Level 5:colcon.colcon_core.verb:set package 'dogg_description' build argument 'cmake_args' from command line to 'None'
[1.475s] Level 5:colcon.colcon_core.verb:set package 'dogg_description' build argument 'cmake_target' from command line to 'None'
[1.475s] Level 5:colcon.colcon_core.verb:set package 'dogg_description' build argument 'cmake_target_skip_unavailable' from command line to 'False'
[1.475s] Level 5:colcon.colcon_core.verb:set package 'dogg_description' build argument 'cmake_clean_cache' from command line to 'False'
[1.475s] Level 5:colcon.colcon_core.verb:set package 'dogg_description' build argument 'cmake_clean_first' from command line to 'False'
[1.476s] Level 5:colcon.colcon_core.verb:set package 'dogg_description' build argument 'cmake_force_configure' from command line to 'False'
[1.476s] Level 5:colcon.colcon_core.verb:set package 'dogg_description' build argument 'ament_cmake_args' from command line to 'None'
[1.476s] Level 5:colcon.colcon_core.verb:set package 'dogg_description' build argument 'catkin_cmake_args' from command line to 'None'
[1.476s] Level 5:colcon.colcon_core.verb:set package 'dogg_description' build argument 'catkin_skip_building_tests' from command line to 'False'
[1.476s] DEBUG:colcon.colcon_core.verb:Building package 'dogg_description' with the following arguments: {'ament_cmake_args': None, 'build_base': '/home/jaja/Task_4/Unitree_go_dog_visualisation/unitree_dog_ws/build/dogg_description', 'catkin_cmake_args': None, 'catkin_skip_building_tests': False, 'cmake_args': None, 'cmake_clean_cache': False, 'cmake_clean_first': False, 'cmake_force_configure': False, 'cmake_target': None, 'cmake_target_skip_unavailable': False, 'install_base': '/home/jaja/Task_4/Unitree_go_dog_visualisation/unitree_dog_ws/install/dogg_description', 'merge_install': False, 'path': '/home/jaja/Task_4/Unitree_go_dog_visualisation/unitree_dog_ws/dogg_description', 'symlink_install': True, 'test_result_base': None}
[1.476s] INFO:colcon.colcon_core.executor:Executing jobs using 'parallel' executor
[1.484s] DEBUG:colcon.colcon_parallel_executor.executor.parallel:run_until_complete
[1.485s] INFO:colcon.colcon_ros.task.ament_cmake.build:Building ROS package in '/home/jaja/Task_4/Unitree_go_dog_visualisation/unitree_dog_ws/dogg_description' with build type 'ament_cmake'
[1.486s] INFO:colcon.colcon_cmake.task.cmake.build:Building CMake package in '/home/jaja/Task_4/Unitree_go_dog_visualisation/unitree_dog_ws/dogg_description'
[1.509s] INFO:colcon.colcon_core.plugin_system:Skipping extension 'colcon_core.shell.bat': Not used on non-Windows systems
[1.510s] INFO:colcon.colcon_core.shell:Skip shell extension 'powershell' for command environment: Not usable outside of PowerShell
[1.510s] DEBUG:colcon.colcon_core.shell:Skip shell extension 'dsv' for command environment
[1.551s] DEBUG:colcon.colcon_core.event_handler.log_command:Invoking command in '/home/jaja/Task_4/Unitree_go_dog_visualisation/unitree_dog_ws/build/dogg_description': CMAKE_PREFIX_PATH=${CMAKE_PREFIX_PATH}:/opt/ros/jazzy /usr/bin/cmake --build /home/jaja/Task_4/Unitree_go_dog_visualisation/unitree_dog_ws/build/dogg_description -- -j12 -l12
[2.110s] DEBUG:colcon.colcon_core.event_handler.log_command:Invoked command in '/home/jaja/Task_4/Unitree_go_dog_visualisation/unitree_dog_ws/build/dogg_description' returned '0': CMAKE_PREFIX_PATH=${CMAKE_PREFIX_PATH}:/opt/ros/jazzy /usr/bin/cmake --build /home/jaja/Task_4/Unitree_go_dog_visualisation/unitree_dog_ws/build/dogg_description -- -j12 -l12
[2.140s] DEBUG:colcon.colcon_core.event_handler.log_command:Invoking command in '/home/jaja/Task_4/Unitree_go_dog_visualisation/unitree_dog_ws/build/dogg_description': CMAKE_PREFIX_PATH=${CMAKE_PREFIX_PATH}:/opt/ros/jazzy /usr/bin/cmake --install /home/jaja/Task_4/Unitree_go_dog_visualisation/unitree_dog_ws/build/dogg_description
[2.228s] Level 1:colcon.colcon_core.environment:create_environment_scripts_only(dogg_description)
[2.229s] DEBUG:colcon.colcon_core.event_handler.log_command:Invoked command in '/home/jaja/Task_4/Unitree_go_dog_visualisation/unitree_dog_ws/build/dogg_description' returned '0': CMAKE_PREFIX_PATH=${CMAKE_PREFIX_PATH}:/opt/ros/jazzy /usr/bin/cmake --install /home/jaja/Task_4/Unitree_go_dog_visualisation/unitree_dog_ws/build/dogg_description
[2.266s] Level 1:colcon.colcon_core.environment:checking '/home/jaja/Task_4/Unitree_go_dog_visualisation/unitree_dog_ws/install/dogg_description' for CMake module files
[2.268s] Level 1:colcon.colcon_core.environment:checking '/home/jaja/Task_4/Unitree_go_dog_visualisation/unitree_dog_ws/install/dogg_description' for CMake config files
[2.271s] Level 1:colcon.colcon_core.shell:create_environment_hook('dogg_description', 'cmake_prefix_path')
[2.271s] INFO:colcon.colcon_core.shell:Creating environment hook '/home/jaja/Task_4/Unitree_go_dog_visualisation/unitree_dog_ws/install/dogg_description/share/dogg_description/hook/cmake_prefix_path.ps1'
[2.273s] INFO:colcon.colcon_core.shell:Creating environment descriptor '/home/jaja/Task_4/Unitree_go_dog_visualisation/unitree_dog_ws/install/dogg_description/share/dogg_description/hook/cmake_prefix_path.dsv'
[2.275s] INFO:colcon.colcon_core.shell:Creating environment hook '/home/jaja/Task_4/Unitree_go_dog_visualisation/unitree_dog_ws/install/dogg_description/share/dogg_description/hook/cmake_prefix_path.sh'
[2.276s] Level 1:colcon.colcon_core.environment:checking '/home/jaja/Task_4/Unitree_go_dog_visualisation/unitree_dog_ws/install/dogg_description/bin'
[2.277s] Level 1:colcon.colcon_core.environment:checking '/home/jaja/Task_4/Unitree_go_dog_visualisation/unitree_dog_ws/install/dogg_description/lib/pkgconfig/dogg_description.pc'
[2.277s] Level 1:colcon.colcon_core.environment:checking '/home/jaja/Task_4/Unitree_go_dog_visualisation/unitree_dog_ws/install/dogg_description/lib/python3.12/site-packages'
[2.277s] Level 1:colcon.colcon_core.environment:checking '/home/jaja/Task_4/Unitree_go_dog_visualisation/unitree_dog_ws/install/dogg_description/bin'
[2.277s] INFO:colcon.colcon_core.shell:Creating package script '/home/jaja/Task_4/Unitree_go_dog_visualisation/unitree_dog_ws/install/dogg_description/share/dogg_description/package.ps1'
[2.279s] INFO:colcon.colcon_core.shell:Creating package descriptor '/home/jaja/Task_4/Unitree_go_dog_visualisation/unitree_dog_ws/install/dogg_description/share/dogg_description/package.dsv'
[2.281s] INFO:colcon.colcon_core.shell:Creating package script '/home/jaja/Task_4/Unitree_go_dog_visualisation/unitree_dog_ws/install/dogg_description/share/dogg_description/package.sh'
[2.282s] INFO:colcon.colcon_core.shell:Creating package script '/home/jaja/Task_4/Unitree_go_dog_visualisation/unitree_dog_ws/install/dogg_description/share/dogg_description/package.bash'
[2.283s] INFO:colcon.colcon_core.shell:Creating package script '/home/jaja/Task_4/Unitree_go_dog_visualisation/unitree_dog_ws/install/dogg_description/share/dogg_description/package.zsh'
[2.285s] Level 1:colcon.colcon_core.environment:create_file_with_runtime_dependencies(/home/jaja/Task_4/Unitree_go_dog_visualisation/unitree_dog_ws/install/dogg_description/share/colcon-core/packages/dogg_description)
[2.285s] Level 1:colcon.colcon_core.environment:create_environment_scripts_only(dogg_description)
[2.286s] Level 1:colcon.colcon_core.environment:checking '/home/jaja/Task_4/Unitree_go_dog_visualisation/unitree_dog_ws/install/dogg_description' for CMake module files
[2.286s] Level 1:colcon.colcon_core.environment:checking '/home/jaja/Task_4/Unitree_go_dog_visualisation/unitree_dog_ws/install/dogg_description' for CMake config files
[2.286s] Level 1:colcon.colcon_core.shell:create_environment_hook('dogg_description', 'cmake_prefix_path')
[2.287s] INFO:colcon.colcon_core.shell:Creating environment hook '/home/jaja/Task_4/Unitree_go_dog_visualisation/unitree_dog_ws/install/dogg_description/share/dogg_description/hook/cmake_prefix_path.ps1'
[2.287s] INFO:colcon.colcon_core.shell:Creating environment descriptor '/home/jaja/Task_4/Unitree_go_dog_visualisation/unitree_dog_ws/install/dogg_description/share/dogg_description/hook/cmake_prefix_path.dsv'
[2.287s] INFO:colcon.colcon_core.shell:Creating environment hook '/home/jaja/Task_4/Unitree_go_dog_visualisation/unitree_dog_ws/install/dogg_description/share/dogg_description/hook/cmake_prefix_path.sh'
[2.288s] Level 1:colcon.colcon_core.environment:checking '/home/jaja/Task_4/Unitree_go_dog_visualisation/unitree_dog_ws/install/dogg_description/bin'
[2.288s] Level 1:colcon.colcon_core.environment:checking '/home/jaja/Task_4/Unitree_go_dog_visualisation/unitree_dog_ws/install/dogg_description/lib/pkgconfig/dogg_description.pc'
[2.288s] Level 1:colcon.colcon_core.environment:checking '/home/jaja/Task_4/Unitree_go_dog_visualisation/unitree_dog_ws/install/dogg_description/lib/python3.12/site-packages'
[2.289s] Level 1:colcon.colcon_core.environment:checking '/home/jaja/Task_4/Unitree_go_dog_visualisation/unitree_dog_ws/install/dogg_description/bin'
[2.289s] INFO:colcon.colcon_core.shell:Creating package script '/home/jaja/Task_4/Unitree_go_dog_visualisation/unitree_dog_ws/install/dogg_description/share/dogg_description/package.ps1'
[2.290s] INFO:colcon.colcon_core.shell:Creating package descriptor '/home/jaja/Task_4/Unitree_go_dog_visualisation/unitree_dog_ws/install/dogg_description/share/dogg_description/package.dsv'
[2.290s] INFO:colcon.colcon_core.shell:Creating package script '/home/jaja/Task_4/Unitree_go_dog_visualisation/unitree_dog_ws/install/dogg_description/share/dogg_description/package.sh'
[2.291s] INFO:colcon.colcon_core.shell:Creating package script '/home/jaja/Task_4/Unitree_go_dog_visualisation/unitree_dog_ws/install/dogg_description/share/dogg_description/package.bash'
[2.291s] INFO:colcon.colcon_core.shell:Creating package script '/home/jaja/Task_4/Unitree_go_dog_visualisation/unitree_dog_ws/install/dogg_description/share/dogg_description/package.zsh'
[2.292s] Level 1:colcon.colcon_core.environment:create_file_with_runtime_dependencies(/home/jaja/Task_4/Unitree_go_dog_visualisation/unitree_dog_ws/install/dogg_description/share/colcon-core/packages/dogg_description)
[2.292s] DEBUG:colcon.colcon_parallel_executor.executor.parallel:closing loop
[2.294s] DEBUG:colcon.colcon_parallel_executor.executor.parallel:loop closed
[2.294s] DEBUG:colcon.colcon_parallel_executor.executor.parallel:run_until_complete finished with '0'
[2.294s] DEBUG:colcon.colcon_core.event_reactor:joining thread
[2.435s] INFO:colcon.colcon_core.plugin_system:Skipping extension 'colcon_notification.desktop_notification.notify_send': Could not find 'notify-send'
[2.436s] INFO:colcon.colcon_core.plugin_system:Skipping extension 'colcon_notification.desktop_notification.terminal_notifier': Not used on non-Darwin systems
[2.436s] INFO:colcon.colcon_core.plugin_system:Skipping extension 'colcon_notification.desktop_notification.win32': Not used on non-Windows systems
[2.436s] INFO:colcon.colcon_notification.desktop_notification:Sending desktop notification using 'notify2'
[2.475s] DEBUG:colcon.colcon_notification.desktop_notification.notify2:Failed to initialize notify2: org.freedesktop.DBus.Error.ServiceUnknown: The name org.freedesktop.Notifications was not provided by any .service files
[2.475s] DEBUG:colcon.colcon_core.event_reactor:joined thread
[2.476s] INFO:colcon.colcon_core.shell:Creating prefix script '/home/jaja/Task_4/Unitree_go_dog_visualisation/unitree_dog_ws/install/local_setup.ps1'
[2.479s] INFO:colcon.colcon_core.shell:Creating prefix util module '/home/jaja/Task_4/Unitree_go_dog_visualisation/unitree_dog_ws/install/_local_setup_util_ps1.py'
[2.481s] INFO:colcon.colcon_core.shell:Creating prefix chain script '/home/jaja/Task_4/Unitree_go_dog_visualisation/unitree_dog_ws/install/setup.ps1'
[2.484s] INFO:colcon.colcon_core.shell:Creating prefix script '/home/jaja/Task_4/Unitree_go_dog_visualisation/unitree_dog_ws/install/local_setup.sh'
[2.486s] INFO:colcon.colcon_core.shell:Creating prefix util module '/home/jaja/Task_4/Unitree_go_dog_visualisation/unitree_dog_ws/install/_local_setup_util_sh.py'
[2.488s] INFO:colcon.colcon_core.shell:Creating prefix chain script '/home/jaja/Task_4/Unitree_go_dog_visualisation/unitree_dog_ws/install/setup.sh'
[2.490s] INFO:colcon.colcon_core.shell:Creating prefix script '/home/jaja/Task_4/Unitree_go_dog_visualisation/unitree_dog_ws/install/local_setup.bash'
[2.492s] INFO:colcon.colcon_core.shell:Creating prefix chain script '/home/jaja/Task_4/Unitree_go_dog_visualisation/unitree_dog_ws/install/setup.bash'
[2.495s] INFO:colcon.colcon_core.shell:Creating prefix script '/home/jaja/Task_4/Unitree_go_dog_visualisation/unitree_dog_ws/install/local_setup.zsh'
[2.496s] INFO:colcon.colcon_core.shell:Creating prefix chain script '/home/jaja/Task_4/Unitree_go_dog_visualisation/unitree_dog_ws/install/setup.zsh'
