[0.064s] Invoking command in '/home/jaja/Task_4/Unitree_go_dog_visualisation/unitree_dog_ws/build/dogg_description': CMAKE_PREFIX_PATH=${CMAKE_PREFIX_PATH}:/opt/ros/jazzy /usr/bin/cmake --build /home/jaja/Task_4/Unitree_go_dog_visualisation/unitree_dog_ws/build/dogg_description -- -j12 -l12
[0.623s] Invoked command in '/home/jaja/Task_4/Unitree_go_dog_visualisation/unitree_dog_ws/build/dogg_description' returned '0': CMAKE_PREFIX_PATH=${CMAKE_PREFIX_PATH}:/opt/ros/jazzy /usr/bin/cmake --build /home/jaja/Task_4/Unitree_go_dog_visualisation/unitree_dog_ws/build/dogg_description -- -j12 -l12
[0.651s] Invoking command in '/home/jaja/Task_4/Unitree_go_dog_visualisation/unitree_dog_ws/build/dogg_description': CMAKE_PREFIX_PATH=${CMAKE_PREFIX_PATH}:/opt/ros/jazzy /usr/bin/cmake --install /home/jaja/Task_4/Unitree_go_dog_visualisation/unitree_dog_ws/build/dogg_description
[0.670s] -- Install configuration: ""
[0.673s] -- Execute custom install script
[0.676s] -- Up-to-date symlink: /home/jaja/Task_4/Unitree_go_dog_visualisation/unitree_dog_ws/install/dogg_description/share/dogg_description//meshes/calf.dae
[0.680s] -- Up-to-date symlink: /home/jaja/Task_4/Unitree_go_dog_visualisation/unitree_dog_ws/install/dogg_description/share/dogg_description//meshes/depthCamera.dae
[0.682s] -- Up-to-date symlink: /home/jaja/Task_4/Unitree_go_dog_visualisation/unitree_dog_ws/install/dogg_description/share/dogg_description//meshes/hip.dae
[0.684s] -- Up-to-date symlink: /home/jaja/Task_4/Unitree_go_dog_visualisation/unitree_dog_ws/install/dogg_description/share/dogg_description//meshes/thigh.dae
[0.684s] -- Up-to-date symlink: /home/jaja/Task_4/Unitree_go_dog_visualisation/unitree_dog_ws/install/dogg_description/share/dogg_description//meshes/thigh_mirror.dae
[0.686s] -- Up-to-date symlink: /home/jaja/Task_4/Unitree_go_dog_visualisation/unitree_dog_ws/install/dogg_description/share/dogg_description//meshes/trunk.dae
[0.687s] -- Up-to-date symlink: /home/jaja/Task_4/Unitree_go_dog_visualisation/unitree_dog_ws/install/dogg_description/share/dogg_description//meshes/ultraSound.dae
[0.688s] -- Up-to-date symlink: /home/jaja/Task_4/Unitree_go_dog_visualisation/unitree_dog_ws/install/dogg_description/share/dogg_description//urdf/dogg.urdf
[0.689s] -- Up-to-date symlink: /home/jaja/Task_4/Unitree_go_dog_visualisation/unitree_dog_ws/install/dogg_description/share/ament_index/resource_index/package_run_dependencies/dogg_description
[0.689s] -- Up-to-date symlink: /home/jaja/Task_4/Unitree_go_dog_visualisation/unitree_dog_ws/install/dogg_description/share/ament_index/resource_index/parent_prefix_path/dogg_description
[0.690s] -- Up-to-date symlink: /home/jaja/Task_4/Unitree_go_dog_visualisation/unitree_dog_ws/install/dogg_description/share/dogg_description/environment/ament_prefix_path.sh
[0.691s] -- Up-to-date symlink: /home/jaja/Task_4/Unitree_go_dog_visualisation/unitree_dog_ws/install/dogg_description/share/dogg_description/environment/ament_prefix_path.dsv
[0.692s] -- Up-to-date symlink: /home/jaja/Task_4/Unitree_go_dog_visualisation/unitree_dog_ws/install/dogg_description/share/dogg_description/environment/path.sh
[0.693s] -- Up-to-date symlink: /home/jaja/Task_4/Unitree_go_dog_visualisation/unitree_dog_ws/install/dogg_description/share/dogg_description/environment/path.dsv
[0.694s] -- Up-to-date symlink: /home/jaja/Task_4/Unitree_go_dog_visualisation/unitree_dog_ws/install/dogg_description/share/dogg_description/local_setup.bash
[0.695s] -- Up-to-date symlink: /home/jaja/Task_4/Unitree_go_dog_visualisation/unitree_dog_ws/install/dogg_description/share/dogg_description/local_setup.sh
[0.699s] -- Up-to-date symlink: /home/jaja/Task_4/Unitree_go_dog_visualisation/unitree_dog_ws/install/dogg_description/share/dogg_description/local_setup.zsh
[0.700s] -- Up-to-date symlink: /home/jaja/Task_4/Unitree_go_dog_visualisation/unitree_dog_ws/install/dogg_description/share/dogg_description/local_setup.dsv
[0.700s] -- Symlinking: /home/jaja/Task_4/Unitree_go_dog_visualisation/unitree_dog_ws/install/dogg_description/share/dogg_description/package.dsv
[0.726s] -- Up-to-date symlink: /home/jaja/Task_4/Unitree_go_dog_visualisation/unitree_dog_ws/install/dogg_description/share/ament_index/resource_index/packages/dogg_description
[0.726s] -- Up-to-date symlink: /home/jaja/Task_4/Unitree_go_dog_visualisation/unitree_dog_ws/install/dogg_description/share/dogg_description/cmake/dogg_descriptionConfig.cmake
[0.727s] -- Up-to-date symlink: /home/jaja/Task_4/Unitree_go_dog_visualisation/unitree_dog_ws/install/dogg_description/share/dogg_description/cmake/dogg_descriptionConfig-version.cmake
[0.728s] -- Up-to-date symlink: /home/jaja/Task_4/Unitree_go_dog_visualisation/unitree_dog_ws/install/dogg_description/share/dogg_description/package.xml
[0.742s] Invoked command in '/home/jaja/Task_4/Unitree_go_dog_visualisation/unitree_dog_ws/build/dogg_description' returned '0': CMAKE_PREFIX_PATH=${CMAKE_PREFIX_PATH}:/opt/ros/jazzy /usr/bin/cmake --install /home/jaja/Task_4/Unitree_go_dog_visualisation/unitree_dog_ws/build/dogg_description
