[0.630s] DEBUG:colcon:Command line arguments: ['/usr/bin/colcon', 'build']
[0.632s] DEBUG:colcon:Parsed command line arguments: Namespace(log_base=None, log_level=None, verb_name='build', build_base='build', install_base='install', merge_install=False, symlink_install=False, test_result_base=None, continue_on_error=False, executor='parallel', parallel_workers=12, event_handlers=None, ignore_user_meta=False, metas=['./colcon.meta'], base_paths=['.'], packages_ignore=None, packages_ignore_regex=None, paths=None, packages_up_to=None, packages_up_to_regex=None, packages_above=None, packages_above_and_dependencies=None, packages_above_depth=None, packages_select_by_dep=None, packages_skip_by_dep=None, packages_skip_up_to=None, packages_select_build_failed=False, packages_skip_build_finished=False, packages_select_test_failures=False, packages_skip_test_passed=False, packages_select=None, packages_skip=None, packages_select_regex=None, packages_skip_regex=None, packages_start=None, packages_end=None, allow_overriding=[], cmake_args=None, cmake_target=None, cmake_target_skip_unavailable=False, cmake_clean_cache=False, cmake_clean_first=False, cmake_force_configure=False, ament_cmake_args=None, catkin_cmake_args=None, catkin_skip_building_tests=False, mixin_files=None, mixin=None, verb_parser=<colcon_mixin.mixin.mixin_argument.MixinArgumentDecorator object at 0x78a7a261fb30>, verb_extension=<colcon_core.verb.build.BuildVerb object at 0x78a7a277bad0>, main=<bound method BuildVerb.main of <colcon_core.verb.build.BuildVerb object at 0x78a7a277bad0>>, mixin_verb=('build',))
[0.739s] Level 1:colcon.colcon_core.package_discovery:discover_packages(colcon_meta) check parameters
[0.740s] Level 1:colcon.colcon_core.package_discovery:discover_packages(recursive) check parameters
[0.740s] Level 1:colcon.colcon_core.package_discovery:discover_packages(ignore) check parameters
[0.740s] Level 1:colcon.colcon_core.package_discovery:discover_packages(path) check parameters
[0.740s] Level 1:colcon.colcon_core.package_discovery:discover_packages(colcon_meta) discover
[0.740s] Level 1:colcon.colcon_core.package_discovery:discover_packages(recursive) discover
[0.740s] INFO:colcon.colcon_core.package_discovery:Crawling recursively for packages in '/home/jaja/Task_4/Unitree_go_dog_visualisation/unitree_dog_ws'
[0.740s] Level 1:colcon.colcon_core.package_identification:_identify(.) by extensions ['ignore', 'ignore_ament_install']
[0.740s] Level 1:colcon.colcon_core.package_identification:_identify(.) by extension 'ignore'
[0.740s] Level 1:colcon.colcon_core.package_identification:_identify(.) by extension 'ignore_ament_install'
[0.741s] Level 1:colcon.colcon_core.package_identification:_identify(.) by extensions ['colcon_pkg']
[0.741s] Level 1:colcon.colcon_core.package_identification:_identify(.) by extension 'colcon_pkg'
[0.741s] Level 1:colcon.colcon_core.package_identification:_identify(.) by extensions ['colcon_meta']
[0.741s] Level 1:colcon.colcon_core.package_identification:_identify(.) by extension 'colcon_meta'
[0.741s] Level 1:colcon.colcon_core.package_identification:_identify(.) by extensions ['ros']
[0.741s] Level 1:colcon.colcon_core.package_identification:_identify(.) by extension 'ros'
[0.798s] Level 1:colcon.colcon_core.package_identification:_identify(.) by extensions ['cmake', 'python']
[0.798s] Level 1:colcon.colcon_core.package_identification:_identify(.) by extension 'cmake'
[0.798s] Level 1:colcon.colcon_core.package_identification:_identify(.) by extension 'python'
[0.798s] Level 1:colcon.colcon_core.package_identification:_identify(.) by extensions ['python_setup_py']
[0.798s] Level 1:colcon.colcon_core.package_identification:_identify(.) by extension 'python_setup_py'
[0.798s] Level 1:colcon.colcon_core.package_identification:_identify(build) by extensions ['ignore', 'ignore_ament_install']
[0.798s] Level 1:colcon.colcon_core.package_identification:_identify(build) by extension 'ignore'
[0.798s] Level 1:colcon.colcon_core.package_identification:_identify(build) ignored
[0.799s] Level 1:colcon.colcon_core.package_identification:_identify(dogg_description) by extensions ['ignore', 'ignore_ament_install']
[0.799s] Level 1:colcon.colcon_core.package_identification:_identify(dogg_description) by extension 'ignore'
[0.799s] Level 1:colcon.colcon_core.package_identification:_identify(dogg_description) by extension 'ignore_ament_install'
[0.799s] Level 1:colcon.colcon_core.package_identification:_identify(dogg_description) by extensions ['colcon_pkg']
[0.799s] Level 1:colcon.colcon_core.package_identification:_identify(dogg_description) by extension 'colcon_pkg'
[0.800s] Level 1:colcon.colcon_core.package_identification:_identify(dogg_description) by extensions ['colcon_meta']
[0.800s] Level 1:colcon.colcon_core.package_identification:_identify(dogg_description) by extension 'colcon_meta'
[0.800s] Level 1:colcon.colcon_core.package_identification:_identify(dogg_description) by extensions ['ros']
[0.800s] Level 1:colcon.colcon_core.package_identification:_identify(dogg_description) by extension 'ros'
[0.808s] DEBUG:colcon.colcon_core.package_identification:Package 'dogg_description' with type 'ros.ament_cmake' and name 'dogg_description'
[0.808s] Level 1:colcon.colcon_core.package_identification:_identify(install) by extensions ['ignore', 'ignore_ament_install']
[0.809s] Level 1:colcon.colcon_core.package_identification:_identify(install) by extension 'ignore'
[0.809s] Level 1:colcon.colcon_core.package_identification:_identify(install) ignored
[0.809s] Level 1:colcon.colcon_core.package_identification:_identify(log) by extensions ['ignore', 'ignore_ament_install']
[0.809s] Level 1:colcon.colcon_core.package_identification:_identify(log) by extension 'ignore'
[0.809s] Level 1:colcon.colcon_core.package_identification:_identify(log) ignored
[0.809s] Level 1:colcon.colcon_core.package_discovery:discover_packages(recursive) using defaults
[0.809s] Level 1:colcon.colcon_core.package_discovery:discover_packages(ignore) discover
[0.809s] Level 1:colcon.colcon_core.package_discovery:discover_packages(ignore) using defaults
[0.809s] Level 1:colcon.colcon_core.package_discovery:discover_packages(path) discover
[0.809s] Level 1:colcon.colcon_core.package_discovery:discover_packages(path) using defaults
[0.894s] Level 1:colcon.colcon_core.package_discovery:discover_packages(prefix_path) check parameters
[0.894s] Level 1:colcon.colcon_core.package_discovery:discover_packages(prefix_path) discover
[0.926s] DEBUG:colcon.colcon_installed_package_information.package_discovery:Found 277 installed packages in /opt/ros/jazzy
[0.932s] Level 1:colcon.colcon_core.package_discovery:discover_packages(prefix_path) using defaults
[1.084s] Level 5:colcon.colcon_core.verb:set package 'dogg_description' build argument 'cmake_args' from command line to 'None'
[1.084s] Level 5:colcon.colcon_core.verb:set package 'dogg_description' build argument 'cmake_target' from command line to 'None'
[1.084s] Level 5:colcon.colcon_core.verb:set package 'dogg_description' build argument 'cmake_target_skip_unavailable' from command line to 'False'
[1.084s] Level 5:colcon.colcon_core.verb:set package 'dogg_description' build argument 'cmake_clean_cache' from command line to 'False'
[1.084s] Level 5:colcon.colcon_core.verb:set package 'dogg_description' build argument 'cmake_clean_first' from command line to 'False'
[1.084s] Level 5:colcon.colcon_core.verb:set package 'dogg_description' build argument 'cmake_force_configure' from command line to 'False'
[1.084s] Level 5:colcon.colcon_core.verb:set package 'dogg_description' build argument 'ament_cmake_args' from command line to 'None'
[1.084s] Level 5:colcon.colcon_core.verb:set package 'dogg_description' build argument 'catkin_cmake_args' from command line to 'None'
[1.084s] Level 5:colcon.colcon_core.verb:set package 'dogg_description' build argument 'catkin_skip_building_tests' from command line to 'False'
[1.084s] DEBUG:colcon.colcon_core.verb:Building package 'dogg_description' with the following arguments: {'ament_cmake_args': None, 'build_base': '/home/jaja/Task_4/Unitree_go_dog_visualisation/unitree_dog_ws/build/dogg_description', 'catkin_cmake_args': None, 'catkin_skip_building_tests': False, 'cmake_args': None, 'cmake_clean_cache': False, 'cmake_clean_first': False, 'cmake_force_configure': False, 'cmake_target': None, 'cmake_target_skip_unavailable': False, 'install_base': '/home/jaja/Task_4/Unitree_go_dog_visualisation/unitree_dog_ws/install/dogg_description', 'merge_install': False, 'path': '/home/jaja/Task_4/Unitree_go_dog_visualisation/unitree_dog_ws/dogg_description', 'symlink_install': False, 'test_result_base': None}
[1.085s] INFO:colcon.colcon_core.executor:Executing jobs using 'parallel' executor
[1.087s] DEBUG:colcon.colcon_parallel_executor.executor.parallel:run_until_complete
[1.088s] INFO:colcon.colcon_ros.task.ament_cmake.build:Building ROS package in '/home/jaja/Task_4/Unitree_go_dog_visualisation/unitree_dog_ws/dogg_description' with build type 'ament_cmake'
[1.088s] INFO:colcon.colcon_cmake.task.cmake.build:Building CMake package in '/home/jaja/Task_4/Unitree_go_dog_visualisation/unitree_dog_ws/dogg_description'
[1.100s] INFO:colcon.colcon_core.plugin_system:Skipping extension 'colcon_core.shell.bat': Not used on non-Windows systems
[1.101s] INFO:colcon.colcon_core.shell:Skip shell extension 'powershell' for command environment: Not usable outside of PowerShell
[1.101s] DEBUG:colcon.colcon_core.shell:Skip shell extension 'dsv' for command environment
[1.129s] DEBUG:colcon.colcon_core.event_handler.log_command:Invoking command in '/home/jaja/Task_4/Unitree_go_dog_visualisation/unitree_dog_ws/build/dogg_description': CMAKE_PREFIX_PATH=${CMAKE_PREFIX_PATH}:/opt/ros/jazzy /usr/bin/cmake --build /home/jaja/Task_4/Unitree_go_dog_visualisation/unitree_dog_ws/build/dogg_description -- -j12 -l12
[1.469s] DEBUG:colcon.colcon_core.event_handler.log_command:Invoked command in '/home/jaja/Task_4/Unitree_go_dog_visualisation/unitree_dog_ws/build/dogg_description' returned '0': CMAKE_PREFIX_PATH=${CMAKE_PREFIX_PATH}:/opt/ros/jazzy /usr/bin/cmake --build /home/jaja/Task_4/Unitree_go_dog_visualisation/unitree_dog_ws/build/dogg_description -- -j12 -l12
[1.493s] DEBUG:colcon.colcon_core.event_handler.log_command:Invoking command in '/home/jaja/Task_4/Unitree_go_dog_visualisation/unitree_dog_ws/build/dogg_description': CMAKE_PREFIX_PATH=${CMAKE_PREFIX_PATH}:/opt/ros/jazzy /usr/bin/cmake --install /home/jaja/Task_4/Unitree_go_dog_visualisation/unitree_dog_ws/build/dogg_description
[1.524s] Level 1:colcon.colcon_core.environment:create_environment_scripts_only(dogg_description)
[1.524s] DEBUG:colcon.colcon_core.event_handler.log_command:Invoked command in '/home/jaja/Task_4/Unitree_go_dog_visualisation/unitree_dog_ws/build/dogg_description' returned '0': CMAKE_PREFIX_PATH=${CMAKE_PREFIX_PATH}:/opt/ros/jazzy /usr/bin/cmake --install /home/jaja/Task_4/Unitree_go_dog_visualisation/unitree_dog_ws/build/dogg_description
[1.542s] Level 1:colcon.colcon_core.environment:checking '/home/jaja/Task_4/Unitree_go_dog_visualisation/unitree_dog_ws/install/dogg_description' for CMake module files
[1.543s] Level 1:colcon.colcon_core.environment:checking '/home/jaja/Task_4/Unitree_go_dog_visualisation/unitree_dog_ws/install/dogg_description' for CMake config files
[1.544s] Level 1:colcon.colcon_core.shell:create_environment_hook('dogg_description', 'cmake_prefix_path')
[1.545s] INFO:colcon.colcon_core.shell:Creating environment hook '/home/jaja/Task_4/Unitree_go_dog_visualisation/unitree_dog_ws/install/dogg_description/share/dogg_description/hook/cmake_prefix_path.ps1'
[1.548s] INFO:colcon.colcon_core.shell:Creating environment descriptor '/home/jaja/Task_4/Unitree_go_dog_visualisation/unitree_dog_ws/install/dogg_description/share/dogg_description/hook/cmake_prefix_path.dsv'
[1.550s] INFO:colcon.colcon_core.shell:Creating environment hook '/home/jaja/Task_4/Unitree_go_dog_visualisation/unitree_dog_ws/install/dogg_description/share/dogg_description/hook/cmake_prefix_path.sh'
[1.552s] Level 1:colcon.colcon_core.environment:checking '/home/jaja/Task_4/Unitree_go_dog_visualisation/unitree_dog_ws/install/dogg_description/bin'
[1.553s] Level 1:colcon.colcon_core.environment:checking '/home/jaja/Task_4/Unitree_go_dog_visualisation/unitree_dog_ws/install/dogg_description/lib/pkgconfig/dogg_description.pc'
[1.553s] Level 1:colcon.colcon_core.environment:checking '/home/jaja/Task_4/Unitree_go_dog_visualisation/unitree_dog_ws/install/dogg_description/lib/python3.12/site-packages'
[1.553s] Level 1:colcon.colcon_core.environment:checking '/home/jaja/Task_4/Unitree_go_dog_visualisation/unitree_dog_ws/install/dogg_description/bin'
[1.554s] INFO:colcon.colcon_core.shell:Creating package script '/home/jaja/Task_4/Unitree_go_dog_visualisation/unitree_dog_ws/install/dogg_description/share/dogg_description/package.ps1'
[1.557s] INFO:colcon.colcon_core.shell:Creating package descriptor '/home/jaja/Task_4/Unitree_go_dog_visualisation/unitree_dog_ws/install/dogg_description/share/dogg_description/package.dsv'
[1.558s] INFO:colcon.colcon_core.shell:Creating package script '/home/jaja/Task_4/Unitree_go_dog_visualisation/unitree_dog_ws/install/dogg_description/share/dogg_description/package.sh'
[1.560s] INFO:colcon.colcon_core.shell:Creating package script '/home/jaja/Task_4/Unitree_go_dog_visualisation/unitree_dog_ws/install/dogg_description/share/dogg_description/package.bash'
[1.561s] INFO:colcon.colcon_core.shell:Creating package script '/home/jaja/Task_4/Unitree_go_dog_visualisation/unitree_dog_ws/install/dogg_description/share/dogg_description/package.zsh'
[1.562s] Level 1:colcon.colcon_core.environment:create_file_with_runtime_dependencies(/home/jaja/Task_4/Unitree_go_dog_visualisation/unitree_dog_ws/install/dogg_description/share/colcon-core/packages/dogg_description)
[1.563s] Level 1:colcon.colcon_core.environment:create_environment_scripts_only(dogg_description)
[1.563s] Level 1:colcon.colcon_core.environment:checking '/home/jaja/Task_4/Unitree_go_dog_visualisation/unitree_dog_ws/install/dogg_description' for CMake module files
[1.564s] Level 1:colcon.colcon_core.environment:checking '/home/jaja/Task_4/Unitree_go_dog_visualisation/unitree_dog_ws/install/dogg_description' for CMake config files
[1.564s] Level 1:colcon.colcon_core.shell:create_environment_hook('dogg_description', 'cmake_prefix_path')
[1.564s] INFO:colcon.colcon_core.shell:Creating environment hook '/home/jaja/Task_4/Unitree_go_dog_visualisation/unitree_dog_ws/install/dogg_description/share/dogg_description/hook/cmake_prefix_path.ps1'
[1.565s] INFO:colcon.colcon_core.shell:Creating environment descriptor '/home/jaja/Task_4/Unitree_go_dog_visualisation/unitree_dog_ws/install/dogg_description/share/dogg_description/hook/cmake_prefix_path.dsv'
[1.565s] INFO:colcon.colcon_core.shell:Creating environment hook '/home/jaja/Task_4/Unitree_go_dog_visualisation/unitree_dog_ws/install/dogg_description/share/dogg_description/hook/cmake_prefix_path.sh'
[1.566s] Level 1:colcon.colcon_core.environment:checking '/home/jaja/Task_4/Unitree_go_dog_visualisation/unitree_dog_ws/install/dogg_description/bin'
[1.566s] Level 1:colcon.colcon_core.environment:checking '/home/jaja/Task_4/Unitree_go_dog_visualisation/unitree_dog_ws/install/dogg_description/lib/pkgconfig/dogg_description.pc'
[1.567s] Level 1:colcon.colcon_core.environment:checking '/home/jaja/Task_4/Unitree_go_dog_visualisation/unitree_dog_ws/install/dogg_description/lib/python3.12/site-packages'
[1.567s] Level 1:colcon.colcon_core.environment:checking '/home/jaja/Task_4/Unitree_go_dog_visualisation/unitree_dog_ws/install/dogg_description/bin'
[1.568s] INFO:colcon.colcon_core.shell:Creating package script '/home/jaja/Task_4/Unitree_go_dog_visualisation/unitree_dog_ws/install/dogg_description/share/dogg_description/package.ps1'
[1.568s] INFO:colcon.colcon_core.shell:Creating package descriptor '/home/jaja/Task_4/Unitree_go_dog_visualisation/unitree_dog_ws/install/dogg_description/share/dogg_description/package.dsv'
[1.569s] INFO:colcon.colcon_core.shell:Creating package script '/home/jaja/Task_4/Unitree_go_dog_visualisation/unitree_dog_ws/install/dogg_description/share/dogg_description/package.sh'
[1.570s] INFO:colcon.colcon_core.shell:Creating package script '/home/jaja/Task_4/Unitree_go_dog_visualisation/unitree_dog_ws/install/dogg_description/share/dogg_description/package.bash'
[1.570s] INFO:colcon.colcon_core.shell:Creating package script '/home/jaja/Task_4/Unitree_go_dog_visualisation/unitree_dog_ws/install/dogg_description/share/dogg_description/package.zsh'
[1.572s] Level 1:colcon.colcon_core.environment:create_file_with_runtime_dependencies(/home/jaja/Task_4/Unitree_go_dog_visualisation/unitree_dog_ws/install/dogg_description/share/colcon-core/packages/dogg_description)
[1.573s] DEBUG:colcon.colcon_parallel_executor.executor.parallel:closing loop
[1.574s] DEBUG:colcon.colcon_parallel_executor.executor.parallel:loop closed
[1.574s] DEBUG:colcon.colcon_parallel_executor.executor.parallel:run_until_complete finished with '0'
[1.574s] DEBUG:colcon.colcon_core.event_reactor:joining thread
[1.662s] INFO:colcon.colcon_core.plugin_system:Skipping extension 'colcon_notification.desktop_notification.notify_send': Could not find 'notify-send'
[1.663s] INFO:colcon.colcon_core.plugin_system:Skipping extension 'colcon_notification.desktop_notification.terminal_notifier': Not used on non-Darwin systems
[1.663s] INFO:colcon.colcon_core.plugin_system:Skipping extension 'colcon_notification.desktop_notification.win32': Not used on non-Windows systems
[1.663s] INFO:colcon.colcon_notification.desktop_notification:Sending desktop notification using 'notify2'
[1.701s] DEBUG:colcon.colcon_notification.desktop_notification.notify2:Failed to initialize notify2: org.freedesktop.DBus.Error.ServiceUnknown: The name org.freedesktop.Notifications was not provided by any .service files
[1.701s] DEBUG:colcon.colcon_core.event_reactor:joined thread
[1.702s] INFO:colcon.colcon_core.shell:Creating prefix script '/home/jaja/Task_4/Unitree_go_dog_visualisation/unitree_dog_ws/install/local_setup.ps1'
[1.704s] INFO:colcon.colcon_core.shell:Creating prefix util module '/home/jaja/Task_4/Unitree_go_dog_visualisation/unitree_dog_ws/install/_local_setup_util_ps1.py'
[1.707s] INFO:colcon.colcon_core.shell:Creating prefix chain script '/home/jaja/Task_4/Unitree_go_dog_visualisation/unitree_dog_ws/install/setup.ps1'
[1.709s] INFO:colcon.colcon_core.shell:Creating prefix script '/home/jaja/Task_4/Unitree_go_dog_visualisation/unitree_dog_ws/install/local_setup.sh'
[1.711s] INFO:colcon.colcon_core.shell:Creating prefix util module '/home/jaja/Task_4/Unitree_go_dog_visualisation/unitree_dog_ws/install/_local_setup_util_sh.py'
[1.712s] INFO:colcon.colcon_core.shell:Creating prefix chain script '/home/jaja/Task_4/Unitree_go_dog_visualisation/unitree_dog_ws/install/setup.sh'
[1.713s] INFO:colcon.colcon_core.shell:Creating prefix script '/home/jaja/Task_4/Unitree_go_dog_visualisation/unitree_dog_ws/install/local_setup.bash'
[1.715s] INFO:colcon.colcon_core.shell:Creating prefix chain script '/home/jaja/Task_4/Unitree_go_dog_visualisation/unitree_dog_ws/install/setup.bash'
[1.716s] INFO:colcon.colcon_core.shell:Creating prefix script '/home/jaja/Task_4/Unitree_go_dog_visualisation/unitree_dog_ws/install/local_setup.zsh'
[1.718s] INFO:colcon.colcon_core.shell:Creating prefix chain script '/home/jaja/Task_4/Unitree_go_dog_visualisation/unitree_dog_ws/install/setup.zsh'
