[1.253s] DEBUG:colcon:Command line arguments: ['/usr/bin/colcon', 'build', '--symlink-install']
[1.255s] DEBUG:colcon:Parsed command line arguments: Namespace(log_base=None, log_level=None, verb_name='build', build_base='build', install_base='install', merge_install=False, symlink_install=True, test_result_base=None, continue_on_error=False, executor='parallel', parallel_workers=12, event_handlers=None, ignore_user_meta=False, metas=['./colcon.meta'], base_paths=['.'], packages_ignore=None, packages_ignore_regex=None, paths=None, packages_up_to=None, packages_up_to_regex=None, packages_above=None, packages_above_and_dependencies=None, packages_above_depth=None, packages_select_by_dep=None, packages_skip_by_dep=None, packages_skip_up_to=None, packages_select_build_failed=False, packages_skip_build_finished=False, packages_select_test_failures=False, packages_skip_test_passed=False, packages_select=None, packages_skip=None, packages_select_regex=None, packages_skip_regex=None, packages_start=None, packages_end=None, allow_overriding=[], cmake_args=None, cmake_target=None, cmake_target_skip_unavailable=False, cmake_clean_cache=False, cmake_clean_first=False, cmake_force_configure=False, ament_cmake_args=None, catkin_cmake_args=None, catkin_skip_building_tests=False, mixin_files=None, mixin=None, verb_parser=<colcon_mixin.mixin.mixin_argument.MixinArgumentDecorator object at 0x7cdf99153b60>, verb_extension=<colcon_core.verb.build.BuildVerb object at 0x7cdf99b1e540>, main=<bound method BuildVerb.main of <colcon_core.verb.build.BuildVerb object at 0x7cdf99b1e540>>, mixin_verb=('build',))
[1.528s] Level 1:colcon.colcon_core.package_discovery:discover_packages(colcon_meta) check parameters
[1.528s] Level 1:colcon.colcon_core.package_discovery:discover_packages(recursive) check parameters
[1.528s] Level 1:colcon.colcon_core.package_discovery:discover_packages(ignore) check parameters
[1.528s] Level 1:colcon.colcon_core.package_discovery:discover_packages(path) check parameters
[1.528s] Level 1:colcon.colcon_core.package_discovery:discover_packages(colcon_meta) discover
[1.529s] Level 1:colcon.colcon_core.package_discovery:discover_packages(recursive) discover
[1.529s] INFO:colcon.colcon_core.package_discovery:Crawling recursively for packages in '/home/jaja/Task_4/Unitree_go_dog_visualisation/unitree_dog_ws'
[1.529s] Level 1:colcon.colcon_core.package_identification:_identify(.) by extensions ['ignore', 'ignore_ament_install']
[1.530s] Level 1:colcon.colcon_core.package_identification:_identify(.) by extension 'ignore'
[1.530s] Level 1:colcon.colcon_core.package_identification:_identify(.) by extension 'ignore_ament_install'
[1.530s] Level 1:colcon.colcon_core.package_identification:_identify(.) by extensions ['colcon_pkg']
[1.530s] Level 1:colcon.colcon_core.package_identification:_identify(.) by extension 'colcon_pkg'
[1.530s] Level 1:colcon.colcon_core.package_identification:_identify(.) by extensions ['colcon_meta']
[1.530s] Level 1:colcon.colcon_core.package_identification:_identify(.) by extension 'colcon_meta'
[1.530s] Level 1:colcon.colcon_core.package_identification:_identify(.) by extensions ['ros']
[1.530s] Level 1:colcon.colcon_core.package_identification:_identify(.) by extension 'ros'
[1.686s] Level 1:colcon.colcon_core.package_identification:_identify(.) by extensions ['cmake', 'python']
[1.686s] Level 1:colcon.colcon_core.package_identification:_identify(.) by extension 'cmake'
[1.686s] Level 1:colcon.colcon_core.package_identification:_identify(.) by extension 'python'
[1.686s] Level 1:colcon.colcon_core.package_identification:_identify(.) by extensions ['python_setup_py']
[1.686s] Level 1:colcon.colcon_core.package_identification:_identify(.) by extension 'python_setup_py'
[1.687s] Level 1:colcon.colcon_core.package_identification:_identify(build) by extensions ['ignore', 'ignore_ament_install']
[1.688s] Level 1:colcon.colcon_core.package_identification:_identify(build) by extension 'ignore'
[1.688s] Level 1:colcon.colcon_core.package_identification:_identify(build) ignored
[1.690s] Level 1:colcon.colcon_core.package_identification:_identify(dogg_description) by extensions ['ignore', 'ignore_ament_install']
[1.690s] Level 1:colcon.colcon_core.package_identification:_identify(dogg_description) by extension 'ignore'
[1.690s] Level 1:colcon.colcon_core.package_identification:_identify(dogg_description) by extension 'ignore_ament_install'
[1.690s] Level 1:colcon.colcon_core.package_identification:_identify(dogg_description) by extensions ['colcon_pkg']
[1.690s] Level 1:colcon.colcon_core.package_identification:_identify(dogg_description) by extension 'colcon_pkg'
[1.690s] Level 1:colcon.colcon_core.package_identification:_identify(dogg_description) by extensions ['colcon_meta']
[1.690s] Level 1:colcon.colcon_core.package_identification:_identify(dogg_description) by extension 'colcon_meta'
[1.690s] Level 1:colcon.colcon_core.package_identification:_identify(dogg_description) by extensions ['ros']
[1.690s] Level 1:colcon.colcon_core.package_identification:_identify(dogg_description) by extension 'ros'
[1.700s] DEBUG:colcon.colcon_core.package_identification:Package 'dogg_description' with type 'ros.ament_cmake' and name 'dogg_description'
[1.700s] Level 1:colcon.colcon_core.package_identification:_identify(install) by extensions ['ignore', 'ignore_ament_install']
[1.701s] Level 1:colcon.colcon_core.package_identification:_identify(install) by extension 'ignore'
[1.701s] Level 1:colcon.colcon_core.package_identification:_identify(install) ignored
[1.701s] Level 1:colcon.colcon_core.package_identification:_identify(log) by extensions ['ignore', 'ignore_ament_install']
[1.701s] Level 1:colcon.colcon_core.package_identification:_identify(log) by extension 'ignore'
[1.701s] Level 1:colcon.colcon_core.package_identification:_identify(log) ignored
[1.701s] Level 1:colcon.colcon_core.package_discovery:discover_packages(recursive) using defaults
[1.701s] Level 1:colcon.colcon_core.package_discovery:discover_packages(ignore) discover
[1.701s] Level 1:colcon.colcon_core.package_discovery:discover_packages(ignore) using defaults
[1.701s] Level 1:colcon.colcon_core.package_discovery:discover_packages(path) discover
[1.701s] Level 1:colcon.colcon_core.package_discovery:discover_packages(path) using defaults
[1.781s] Level 1:colcon.colcon_core.package_discovery:discover_packages(prefix_path) check parameters
[1.781s] Level 1:colcon.colcon_core.package_discovery:discover_packages(prefix_path) discover
[1.805s] DEBUG:colcon.colcon_installed_package_information.package_discovery:Found 1 installed packages in /home/jaja/Task_4/Kortex_gen3_lite_visualisation/kortex_ws/install
[1.807s] DEBUG:colcon.colcon_installed_package_information.package_discovery:Found 1 installed packages in /home/jaja/Task_4/Unitree_go_dog_visualisation/unitree_dog_ws/install
[1.813s] DEBUG:colcon.colcon_installed_package_information.package_discovery:Found 277 installed packages in /opt/ros/jazzy
[1.815s] Level 1:colcon.colcon_core.package_discovery:discover_packages(prefix_path) using defaults
[2.189s] Level 5:colcon.colcon_core.verb:set package 'dogg_description' build argument 'cmake_args' from command line to 'None'
[2.189s] Level 5:colcon.colcon_core.verb:set package 'dogg_description' build argument 'cmake_target' from command line to 'None'
[2.189s] Level 5:colcon.colcon_core.verb:set package 'dogg_description' build argument 'cmake_target_skip_unavailable' from command line to 'False'
[2.189s] Level 5:colcon.colcon_core.verb:set package 'dogg_description' build argument 'cmake_clean_cache' from command line to 'False'
[2.189s] Level 5:colcon.colcon_core.verb:set package 'dogg_description' build argument 'cmake_clean_first' from command line to 'False'
[2.189s] Level 5:colcon.colcon_core.verb:set package 'dogg_description' build argument 'cmake_force_configure' from command line to 'False'
[2.189s] Level 5:colcon.colcon_core.verb:set package 'dogg_description' build argument 'ament_cmake_args' from command line to 'None'
[2.189s] Level 5:colcon.colcon_core.verb:set package 'dogg_description' build argument 'catkin_cmake_args' from command line to 'None'
[2.189s] Level 5:colcon.colcon_core.verb:set package 'dogg_description' build argument 'catkin_skip_building_tests' from command line to 'False'
[2.189s] DEBUG:colcon.colcon_core.verb:Building package 'dogg_description' with the following arguments: {'ament_cmake_args': None, 'build_base': '/home/jaja/Task_4/Unitree_go_dog_visualisation/unitree_dog_ws/build/dogg_description', 'catkin_cmake_args': None, 'catkin_skip_building_tests': False, 'cmake_args': None, 'cmake_clean_cache': False, 'cmake_clean_first': False, 'cmake_force_configure': False, 'cmake_target': None, 'cmake_target_skip_unavailable': False, 'install_base': '/home/jaja/Task_4/Unitree_go_dog_visualisation/unitree_dog_ws/install/dogg_description', 'merge_install': False, 'path': '/home/jaja/Task_4/Unitree_go_dog_visualisation/unitree_dog_ws/dogg_description', 'symlink_install': True, 'test_result_base': None}
[2.189s] INFO:colcon.colcon_core.executor:Executing jobs using 'parallel' executor
[2.201s] DEBUG:colcon.colcon_parallel_executor.executor.parallel:run_until_complete
[2.202s] INFO:colcon.colcon_ros.task.ament_cmake.build:Building ROS package in '/home/jaja/Task_4/Unitree_go_dog_visualisation/unitree_dog_ws/dogg_description' with build type 'ament_cmake'
[2.202s] INFO:colcon.colcon_cmake.task.cmake.build:Building CMake package in '/home/jaja/Task_4/Unitree_go_dog_visualisation/unitree_dog_ws/dogg_description'
[2.222s] INFO:colcon.colcon_core.plugin_system:Skipping extension 'colcon_core.shell.bat': Not used on non-Windows systems
[2.223s] INFO:colcon.colcon_core.shell:Skip shell extension 'powershell' for command environment: Not usable outside of PowerShell
[2.223s] DEBUG:colcon.colcon_core.shell:Skip shell extension 'dsv' for command environment
[2.284s] DEBUG:colcon.colcon_core.event_handler.log_command:Invoking command in '/home/jaja/Task_4/Unitree_go_dog_visualisation/unitree_dog_ws/build/dogg_description': CMAKE_PREFIX_PATH=${CMAKE_PREFIX_PATH}:/opt/ros/jazzy /usr/bin/cmake /home/jaja/Task_4/Unitree_go_dog_visualisation/unitree_dog_ws/dogg_description -DAMENT_CMAKE_SYMLINK_INSTALL=1 -DCMAKE_INSTALL_PREFIX=/home/jaja/Task_4/Unitree_go_dog_visualisation/unitree_dog_ws/install/dogg_description
[3.443s] DEBUG:colcon.colcon_core.event_handler.log_command:Invoked command in '/home/jaja/Task_4/Unitree_go_dog_visualisation/unitree_dog_ws/build/dogg_description' returned '0': CMAKE_PREFIX_PATH=${CMAKE_PREFIX_PATH}:/opt/ros/jazzy /usr/bin/cmake /home/jaja/Task_4/Unitree_go_dog_visualisation/unitree_dog_ws/dogg_description -DAMENT_CMAKE_SYMLINK_INSTALL=1 -DCMAKE_INSTALL_PREFIX=/home/jaja/Task_4/Unitree_go_dog_visualisation/unitree_dog_ws/install/dogg_description
[3.448s] DEBUG:colcon.colcon_core.event_handler.log_command:Invoking command in '/home/jaja/Task_4/Unitree_go_dog_visualisation/unitree_dog_ws/build/dogg_description': CMAKE_PREFIX_PATH=${CMAKE_PREFIX_PATH}:/opt/ros/jazzy /usr/bin/cmake --build /home/jaja/Task_4/Unitree_go_dog_visualisation/unitree_dog_ws/build/dogg_description -- -j12 -l12
[3.546s] DEBUG:colcon.colcon_core.event_handler.log_command:Invoked command in '/home/jaja/Task_4/Unitree_go_dog_visualisation/unitree_dog_ws/build/dogg_description' returned '0': CMAKE_PREFIX_PATH=${CMAKE_PREFIX_PATH}:/opt/ros/jazzy /usr/bin/cmake --build /home/jaja/Task_4/Unitree_go_dog_visualisation/unitree_dog_ws/build/dogg_description -- -j12 -l12
[3.567s] DEBUG:colcon.colcon_core.event_handler.log_command:Invoking command in '/home/jaja/Task_4/Unitree_go_dog_visualisation/unitree_dog_ws/build/dogg_description': CMAKE_PREFIX_PATH=${CMAKE_PREFIX_PATH}:/opt/ros/jazzy /usr/bin/cmake --install /home/jaja/Task_4/Unitree_go_dog_visualisation/unitree_dog_ws/build/dogg_description
[4.056s] Level 1:colcon.colcon_core.environment:create_environment_scripts_only(dogg_description)
[4.058s] DEBUG:colcon.colcon_core.event_handler.log_command:Invoked command in '/home/jaja/Task_4/Unitree_go_dog_visualisation/unitree_dog_ws/build/dogg_description' returned '0': CMAKE_PREFIX_PATH=${CMAKE_PREFIX_PATH}:/opt/ros/jazzy /usr/bin/cmake --install /home/jaja/Task_4/Unitree_go_dog_visualisation/unitree_dog_ws/build/dogg_description
[4.083s] Level 1:colcon.colcon_core.environment:checking '/home/jaja/Task_4/Unitree_go_dog_visualisation/unitree_dog_ws/install/dogg_description' for CMake module files
[4.083s] Level 1:colcon.colcon_core.environment:checking '/home/jaja/Task_4/Unitree_go_dog_visualisation/unitree_dog_ws/install/dogg_description' for CMake config files
[4.087s] Level 1:colcon.colcon_core.shell:create_environment_hook('dogg_description', 'cmake_prefix_path')
[4.087s] INFO:colcon.colcon_core.shell:Creating environment hook '/home/jaja/Task_4/Unitree_go_dog_visualisation/unitree_dog_ws/install/dogg_description/share/dogg_description/hook/cmake_prefix_path.ps1'
[4.092s] INFO:colcon.colcon_core.shell:Creating environment descriptor '/home/jaja/Task_4/Unitree_go_dog_visualisation/unitree_dog_ws/install/dogg_description/share/dogg_description/hook/cmake_prefix_path.dsv'
[4.096s] INFO:colcon.colcon_core.shell:Creating environment hook '/home/jaja/Task_4/Unitree_go_dog_visualisation/unitree_dog_ws/install/dogg_description/share/dogg_description/hook/cmake_prefix_path.sh'
[4.100s] Level 1:colcon.colcon_core.environment:checking '/home/jaja/Task_4/Unitree_go_dog_visualisation/unitree_dog_ws/install/dogg_description/bin'
[4.101s] Level 1:colcon.colcon_core.environment:checking '/home/jaja/Task_4/Unitree_go_dog_visualisation/unitree_dog_ws/install/dogg_description/lib/pkgconfig/dogg_description.pc'
[4.101s] Level 1:colcon.colcon_core.environment:checking '/home/jaja/Task_4/Unitree_go_dog_visualisation/unitree_dog_ws/install/dogg_description/lib/python3.12/site-packages'
[4.101s] Level 1:colcon.colcon_core.environment:checking '/home/jaja/Task_4/Unitree_go_dog_visualisation/unitree_dog_ws/install/dogg_description/bin'
[4.102s] INFO:colcon.colcon_core.shell:Creating package script '/home/jaja/Task_4/Unitree_go_dog_visualisation/unitree_dog_ws/install/dogg_description/share/dogg_description/package.ps1'
[4.103s] INFO:colcon.colcon_core.shell:Creating package descriptor '/home/jaja/Task_4/Unitree_go_dog_visualisation/unitree_dog_ws/install/dogg_description/share/dogg_description/package.dsv'
[4.109s] INFO:colcon.colcon_core.shell:Creating package script '/home/jaja/Task_4/Unitree_go_dog_visualisation/unitree_dog_ws/install/dogg_description/share/dogg_description/package.sh'
[4.114s] INFO:colcon.colcon_core.shell:Creating package script '/home/jaja/Task_4/Unitree_go_dog_visualisation/unitree_dog_ws/install/dogg_description/share/dogg_description/package.bash'
[4.117s] INFO:colcon.colcon_core.shell:Creating package script '/home/jaja/Task_4/Unitree_go_dog_visualisation/unitree_dog_ws/install/dogg_description/share/dogg_description/package.zsh'
[4.120s] Level 1:colcon.colcon_core.environment:create_file_with_runtime_dependencies(/home/jaja/Task_4/Unitree_go_dog_visualisation/unitree_dog_ws/install/dogg_description/share/colcon-core/packages/dogg_description)
[4.122s] Level 1:colcon.colcon_core.environment:create_environment_scripts_only(dogg_description)
[4.122s] Level 1:colcon.colcon_core.environment:checking '/home/jaja/Task_4/Unitree_go_dog_visualisation/unitree_dog_ws/install/dogg_description' for CMake module files
[4.123s] Level 1:colcon.colcon_core.environment:checking '/home/jaja/Task_4/Unitree_go_dog_visualisation/unitree_dog_ws/install/dogg_description' for CMake config files
[4.124s] Level 1:colcon.colcon_core.shell:create_environment_hook('dogg_description', 'cmake_prefix_path')
[4.124s] INFO:colcon.colcon_core.shell:Creating environment hook '/home/jaja/Task_4/Unitree_go_dog_visualisation/unitree_dog_ws/install/dogg_description/share/dogg_description/hook/cmake_prefix_path.ps1'
[4.125s] INFO:colcon.colcon_core.shell:Creating environment descriptor '/home/jaja/Task_4/Unitree_go_dog_visualisation/unitree_dog_ws/install/dogg_description/share/dogg_description/hook/cmake_prefix_path.dsv'
[4.126s] INFO:colcon.colcon_core.shell:Creating environment hook '/home/jaja/Task_4/Unitree_go_dog_visualisation/unitree_dog_ws/install/dogg_description/share/dogg_description/hook/cmake_prefix_path.sh'
[4.128s] Level 1:colcon.colcon_core.environment:checking '/home/jaja/Task_4/Unitree_go_dog_visualisation/unitree_dog_ws/install/dogg_description/bin'
[4.128s] Level 1:colcon.colcon_core.environment:checking '/home/jaja/Task_4/Unitree_go_dog_visualisation/unitree_dog_ws/install/dogg_description/lib/pkgconfig/dogg_description.pc'
[4.129s] Level 1:colcon.colcon_core.environment:checking '/home/jaja/Task_4/Unitree_go_dog_visualisation/unitree_dog_ws/install/dogg_description/lib/python3.12/site-packages'
[4.130s] Level 1:colcon.colcon_core.environment:checking '/home/jaja/Task_4/Unitree_go_dog_visualisation/unitree_dog_ws/install/dogg_description/bin'
[4.131s] INFO:colcon.colcon_core.shell:Creating package script '/home/jaja/Task_4/Unitree_go_dog_visualisation/unitree_dog_ws/install/dogg_description/share/dogg_description/package.ps1'
[4.133s] INFO:colcon.colcon_core.shell:Creating package descriptor '/home/jaja/Task_4/Unitree_go_dog_visualisation/unitree_dog_ws/install/dogg_description/share/dogg_description/package.dsv'
[4.134s] INFO:colcon.colcon_core.shell:Creating package script '/home/jaja/Task_4/Unitree_go_dog_visualisation/unitree_dog_ws/install/dogg_description/share/dogg_description/package.sh'
[4.138s] INFO:colcon.colcon_core.shell:Creating package script '/home/jaja/Task_4/Unitree_go_dog_visualisation/unitree_dog_ws/install/dogg_description/share/dogg_description/package.bash'
[4.139s] INFO:colcon.colcon_core.shell:Creating package script '/home/jaja/Task_4/Unitree_go_dog_visualisation/unitree_dog_ws/install/dogg_description/share/dogg_description/package.zsh'
[4.140s] Level 1:colcon.colcon_core.environment:create_file_with_runtime_dependencies(/home/jaja/Task_4/Unitree_go_dog_visualisation/unitree_dog_ws/install/dogg_description/share/colcon-core/packages/dogg_description)
[4.141s] DEBUG:colcon.colcon_parallel_executor.executor.parallel:closing loop
[4.142s] DEBUG:colcon.colcon_parallel_executor.executor.parallel:loop closed
[4.142s] DEBUG:colcon.colcon_parallel_executor.executor.parallel:run_until_complete finished with '0'
[4.143s] DEBUG:colcon.colcon_core.event_reactor:joining thread
[4.260s] INFO:colcon.colcon_core.plugin_system:Skipping extension 'colcon_notification.desktop_notification.notify_send': Could not find 'notify-send'
[4.261s] INFO:colcon.colcon_core.plugin_system:Skipping extension 'colcon_notification.desktop_notification.terminal_notifier': Not used on non-Darwin systems
[4.261s] INFO:colcon.colcon_core.plugin_system:Skipping extension 'colcon_notification.desktop_notification.win32': Not used on non-Windows systems
[4.261s] INFO:colcon.colcon_notification.desktop_notification:Sending desktop notification using 'notify2'
[4.313s] DEBUG:colcon.colcon_notification.desktop_notification.notify2:Failed to initialize notify2: org.freedesktop.DBus.Error.ServiceUnknown: The name org.freedesktop.Notifications was not provided by any .service files
[4.313s] DEBUG:colcon.colcon_core.event_reactor:joined thread
[4.313s] INFO:colcon.colcon_core.shell:Creating prefix script '/home/jaja/Task_4/Unitree_go_dog_visualisation/unitree_dog_ws/install/local_setup.ps1'
[4.316s] INFO:colcon.colcon_core.shell:Creating prefix util module '/home/jaja/Task_4/Unitree_go_dog_visualisation/unitree_dog_ws/install/_local_setup_util_ps1.py'
[4.318s] INFO:colcon.colcon_core.shell:Creating prefix chain script '/home/jaja/Task_4/Unitree_go_dog_visualisation/unitree_dog_ws/install/setup.ps1'
[4.320s] INFO:colcon.colcon_core.shell:Creating prefix script '/home/jaja/Task_4/Unitree_go_dog_visualisation/unitree_dog_ws/install/local_setup.sh'
[4.321s] INFO:colcon.colcon_core.shell:Creating prefix util module '/home/jaja/Task_4/Unitree_go_dog_visualisation/unitree_dog_ws/install/_local_setup_util_sh.py'
[4.322s] INFO:colcon.colcon_core.shell:Creating prefix chain script '/home/jaja/Task_4/Unitree_go_dog_visualisation/unitree_dog_ws/install/setup.sh'
[4.323s] INFO:colcon.colcon_core.shell:Creating prefix script '/home/jaja/Task_4/Unitree_go_dog_visualisation/unitree_dog_ws/install/local_setup.bash'
[4.325s] INFO:colcon.colcon_core.shell:Creating prefix chain script '/home/jaja/Task_4/Unitree_go_dog_visualisation/unitree_dog_ws/install/setup.bash'
[4.330s] INFO:colcon.colcon_core.shell:Creating prefix script '/home/jaja/Task_4/Unitree_go_dog_visualisation/unitree_dog_ws/install/local_setup.zsh'
[4.332s] INFO:colcon.colcon_core.shell:Creating prefix chain script '/home/jaja/Task_4/Unitree_go_dog_visualisation/unitree_dog_ws/install/setup.zsh'
